hi my name is akhil
welcom to class
